core_cm4.h:1688:22:__NVIC_EnableIRQ	16	static
main.c:127:5:main	208	static
main.c:335:6:SystemClock_Config	184	static
main.c:396:13:MX_ADC1_Init	24	static
main.c:446:13:MX_DAC_Init	16	static
main.c:484:13:MX_I2C1_Init	8	static
main.c:518:13:MX_RTC_Init	32	static
main.c:580:13:MX_SPI1_Init	8	static
main.c:618:13:MX_TIM2_Init	32	static
main.c:663:13:MX_USART2_UART_Init	8	static
main.c:696:13:MX_GPIO_Init	40	static
main.c:728:6:read_temp_humi	32	static
main.c:741:7:read_adc	16	static
main.c:763:6:rtc_set	48	static
main.c:789:6:init_timer	24	static
main.c:811:6:step_timer	8	static
main.c:835:6:prepare_transmission_data	8	static
main.c:861:6:Error_Handler	8	static
