NRF24L01.c:17:6:NRF24_init	8	static
NRF24L01.c:43:6:delay_micro	16	static
NRF24L01.c:53:9:NRF24_ReadReg	32	static
NRF24L01.c:73:6:NRF24_WriteReg	16	static
NRF24L01.c:88:6:NRF24_Read_Buf	16	static
NRF24L01.c:101:6:NRF24_Write_Buf	16	static
NRF24L01.c:116:6:NRF24_FlushRX	16	static
NRF24L01.c:130:6:NRF24_FlushTX	16	static
NRF24L01.c:144:6:NRF24_RX_Mode	16	static
NRF24L01.c:162:6:NRF24_TX_Mode	16	static
NRF24L01.c:180:6:NRF24_PWR_UP_ON	16	static
NRF24L01.c:196:6:NRF24_PWR_UP_OFF	16	static
NRF24L01.c:212:9:NRF24_Transmit	40	static
NRF24L01.c:280:9:NRF24_Receive	40	static
NRF24L01.c:327:6:NRF24_Transmit_base	24	static
NRF24L01.c:346:6:NRF24_Receive_base	8	static
